<?xml version="1.0" encoding="UTF-8"?>
<TestRun id="99221c70-97aa-45ea-a27c-f5fef71cb9ef" name="Toran@CORE2DUO 2010-08-13 15:11:14" runUser="core2duo\Toran" xmlns="http://microsoft.com/schemas/VisualStudio/TeamTest/2010">
  <TestSettings name="Local" id="f22839a5-96ad-4c4e-931c-a066f5829364">
    <Description>These are default test settings for a local test run.</Description>
    <Deployment userDeploymentRoot="C:\Users\Toran\Documents\Visual Studio 2010\Projects\TddWithFitnesse\TestResults" useDefaultDeploymentRoot="false" enabled="false" runDeploymentRoot="Toran_CORE2DUO 2010-08-13 15_11_14">
      <DeploymentItem filename="C:\Users\Toran\Documents\Visual Studio 2010\Projects\TddWithFitnesse\dependencies\Moq.dll" />
      <DeploymentItem filename="C:\Users\Toran\Documents\Visual Studio 2010\Projects\TddWithFitnesse\TddWithFitnesse\bin\TddWithFitnesse.dll" />
    </Deployment>
    <Execution>
      <TestTypeSpecific />
      <AgentRule name="Execution Agents">
      </AgentRule>
    </Execution>
  </TestSettings>
  <Times creation="2010-08-13T15:11:14.5669668-05:00" queuing="2010-08-13T15:11:15.3230101-05:00" start="2010-08-13T15:11:15.4390167-05:00" finish="2010-08-13T15:11:32.8950151-05:00" />
  <ResultSummary outcome="Error">
    <Counters total="1" executed="1" error="0" failed="0" timeout="0" aborted="1" inconclusive="0" passedButRunAborted="0" notRunnable="0" notExecuted="0" disconnected="0" warning="0" passed="0" completed="0" inProgress="0" pending="0" />
    <RunInfos>
      <RunInfo computerName="CORE2DUO" outcome="Error" timestamp="2010-08-13T15:11:32.8930150-05:00">
        <Text>Test host process exited unexpectedly.</Text>
      </RunInfo>
    </RunInfos>
  </ResultSummary>
  <TestDefinitions>
    <UnitTest name="WhenPostIsNotFoundReturnNewPost" storage="c:\users\toran\documents\visual studio 2010\projects\tddwithfitnesse\tddwithfitnesse.test\bin\debug\tddwithfitnesse.test.dll" id="875e11c0-5e38-0e78-e1b7-b4db4ee4d661">
      <Execution id="da34e095-c680-4f6a-80fe-84c714bb4ec3" />
      <TestMethod codeBase="C:/Users/Toran/Documents/Visual Studio 2010/Projects/TddWithFitnesse/TddWithFitnesse.Test/bin/Debug/TddWithFitnesse.Test.DLL" adapterTypeName="Microsoft.VisualStudio.TestTools.TestTypes.Unit.UnitTestAdapter, Microsoft.VisualStudio.QualityTools.Tips.UnitTest.Adapter, Version=10.0.0.0, Culture=neutral, PublicKeyToken=b03f5f7f11d50a3a" className="TddWithFitnesse.Test.RetrievePostControllerTest, TddWithFitnesse.Test, Version=1.0.0.0, Culture=neutral, PublicKeyToken=null" name="WhenPostIsNotFoundReturnNewPost" />
    </UnitTest>
  </TestDefinitions>
  <TestLists>
    <TestList name="Results Not in a List" id="8c84fa94-04c1-424b-9868-57a2d4851a1d" />
    <TestList name="All Loaded Results" id="19431567-8539-422a-85d7-44ee4e166bda" />
  </TestLists>
  <TestEntries>
    <TestEntry testId="875e11c0-5e38-0e78-e1b7-b4db4ee4d661" executionId="da34e095-c680-4f6a-80fe-84c714bb4ec3" testListId="8c84fa94-04c1-424b-9868-57a2d4851a1d" />
  </TestEntries>
  <Results>
    <UnitTestResult executionId="da34e095-c680-4f6a-80fe-84c714bb4ec3" testId="875e11c0-5e38-0e78-e1b7-b4db4ee4d661" testName="WhenPostIsNotFoundReturnNewPost" computerName="CORE2DUO" duration="00:00:17.3479923" startTime="2010-08-13T15:11:15.5460228-05:00" endTime="2010-08-13T15:11:32.8940151-05:00" testType="13cdc9d9-ddb5-4fa4-a97d-d965ccfc6d4b" outcome="Aborted" testListId="8c84fa94-04c1-424b-9868-57a2d4851a1d" relativeResultsDirectory="da34e095-c680-4f6a-80fe-84c714bb4ec3">
    </UnitTestResult>
  </Results>
</TestRun>