<?xml version="1.0" encoding="UTF-8"?>
<TestRun id="437f143b-0204-4d1b-b8fa-d360fbe4a5a1" name="Toran@CORE2DUO 2010-08-13 15:15:48" runUser="core2duo\Toran" xmlns="http://microsoft.com/schemas/VisualStudio/TeamTest/2010">
  <TestSettings name="Local" id="f22839a5-96ad-4c4e-931c-a066f5829364">
    <Description>These are default test settings for a local test run.</Description>
    <Deployment enabled="false" runDeploymentRoot="Toran_CORE2DUO 2010-08-13 15_15_48">
      <DeploymentItem filename="C:\Users\Toran\Documents\Visual Studio 2010\Projects\TddWithFitnesse\dependencies\Moq.dll" />
      <DeploymentItem filename="C:\Users\Toran\Documents\Visual Studio 2010\Projects\TddWithFitnesse\TddWithFitnesse\bin\TddWithFitnesse.dll" />
    </Deployment>
    <Execution>
      <TestTypeSpecific />
      <AgentRule name="Execution Agents">
      </AgentRule>
    </Execution>
  </TestSettings>
  <Times creation="2010-08-13T15:15:48.0926116-05:00" queuing="2010-08-13T15:15:48.3286251-05:00" start="2010-08-13T15:15:48.3926287-05:00" finish="2010-08-13T15:15:49.1786737-05:00" />
  <ResultSummary outcome="Failed">
    <Counters total="1" executed="1" error="0" failed="1" timeout="0" aborted="0" inconclusive="0" passedButRunAborted="0" notRunnable="0" notExecuted="0" disconnected="0" warning="0" passed="0" completed="0" inProgress="0" pending="0" />
  </ResultSummary>
  <TestDefinitions>
    <UnitTest name="WhenPostIsNotFoundReturnNewPost" storage="c:\users\toran\documents\visual studio 2010\projects\tddwithfitnesse\tddwithfitnesse.test\bin\debug\tddwithfitnesse.test.dll" id="875e11c0-5e38-0e78-e1b7-b4db4ee4d661">
      <Execution id="5d1c7c85-f283-4286-b19b-d70919645b4d" />
      <TestMethod codeBase="C:/Users/Toran/Documents/Visual Studio 2010/Projects/TddWithFitnesse/TddWithFitnesse.Test/bin/Debug/TddWithFitnesse.Test.DLL" adapterTypeName="Microsoft.VisualStudio.TestTools.TestTypes.Unit.UnitTestAdapter, Microsoft.VisualStudio.QualityTools.Tips.UnitTest.Adapter, Version=10.0.0.0, Culture=neutral, PublicKeyToken=b03f5f7f11d50a3a" className="TddWithFitnesse.Test.RetrievePostControllerTest, TddWithFitnesse.Test, Version=1.0.0.0, Culture=neutral, PublicKeyToken=null" name="WhenPostIsNotFoundReturnNewPost" />
    </UnitTest>
  </TestDefinitions>
  <TestLists>
    <TestList name="Results Not in a List" id="8c84fa94-04c1-424b-9868-57a2d4851a1d" />
    <TestList name="All Loaded Results" id="19431567-8539-422a-85d7-44ee4e166bda" />
  </TestLists>
  <TestEntries>
    <TestEntry testId="875e11c0-5e38-0e78-e1b7-b4db4ee4d661" executionId="5d1c7c85-f283-4286-b19b-d70919645b4d" testListId="8c84fa94-04c1-424b-9868-57a2d4851a1d" />
  </TestEntries>
  <Results>
    <UnitTestResult executionId="5d1c7c85-f283-4286-b19b-d70919645b4d" testId="875e11c0-5e38-0e78-e1b7-b4db4ee4d661" testName="WhenPostIsNotFoundReturnNewPost" computerName="CORE2DUO" duration="00:00:00.3210619" startTime="2010-08-13T15:15:48.4156301-05:00" endTime="2010-08-13T15:15:48.9986634-05:00" testType="13cdc9d9-ddb5-4fa4-a97d-d965ccfc6d4b" outcome="Failed" testListId="8c84fa94-04c1-424b-9868-57a2d4851a1d" relativeResultsDirectory="5d1c7c85-f283-4286-b19b-d70919645b4d">
      <Output>
        <ErrorInfo>
          <Message>Test method TddWithFitnesse.Test.RetrievePostControllerTest.WhenPostIsNotFoundReturnNewPost threw exception: 
System.NullReferenceException: Object reference not set to an instance of an object.</Message>
          <StackTrace>    at TddWithFitnesse.Test.RetrievePostControllerTest.WhenPostIsNotFoundReturnNewPost() in C:\Users\Toran\Documents\Visual Studio 2010\Projects\TddWithFitnesse\TddWithFitnesse.Test\RetrievePostControllerTest.cs:line 74
</StackTrace>
        </ErrorInfo>
      </Output>
    </UnitTestResult>
  </Results>
</TestRun>